Mon Aug 26 03:57:30 PM UTC 2024
$PROBLEM NM TRIANING BASE MODEL
;DV: mcg/mL
;TIME: day
;CL  : L/d
;VC   : L

$DATA ../../../data/derived/PK_Data_v01.csv IGNORE = @

$INPUT C LINE ID TIME AMT RATE DV EVID MDV CMT LLOQ BLQ DOSEN COHORT BWT BAGE BALB SEXF RACEN COHORTC=DROP SEXC=DROP RACEC=DROP

$SUBROUTINE ADVAN6 TRANS1 TOL=6 ;general DiffEq solver

$MODEL
  COMP = (CENTRAL) ;central: CMT = 1

$PK
TVCL = THETA(1) ;Typical value clearance
CL = TVCL * EXP(ETA(1)) ;Individual clearance value

TVVC = THETA(2) ;Typical value central compartment volume
VC = TVVC * EXP(ETA(2)) ;Individual Vc

S1 = VC * 1; mg/L == ug/mL

K10 = CL / VC ; clearance rate, (L/d / L = 1/d)

$DES
DADT(1) = -K10*A(1)

$ERROR (OBSERVATION ONLY)
IPRED = F
W = SQRT(SIGMA(1)*F*F + SIGMA(2)) ;variance on (y = F + eps(1) + Feps(2))
IRES = DV-IPRED
IWRES = IRES/W
Y = IPRED * (1 + EPS(1)) + EPS(2)

$THETA
(0, 0.5)  ;1 CL (L/d)
(0, 20)   ;2 VC (L)

$OMEGA
0.09     ;11 IIV on CL: 30% CV on CL (%CV/100)^2 = sigma_CL^2
0.2025   ;12 IIV on VC: 45% CV on Vc (%CV/100)^2 = sigma_Vc^2

$SIGMA
0.05      ; PROPORTIONAL ERROR
0.05      ; ADDITIVE ERROR

$ESTIMATION METHOD=1 MAXEVAL=9999 PRINT=5 NOABORT

$COV PRINT=E MATRIX=S ;prints eigenvalues of variance-covariance matrix for condition number lambda_n/1

$TABLE LINE ID TIME EVID DV PRED IPRED WRES CWRES IWRES NOPRINT NOAPPEND ONEHEADER FILE=run1001.tab
$TABLE ID ETAS(1:LAST) NOPRINT NOAPPEND ONEHEADER NOTITLE FIRSTONLY FILE=run1001-param.tab
NM-TRAN MESSAGES
  
 WARNINGS AND ERRORS (IF ANY) FOR PROBLEM    1
             
 (WARNING  2) NM-TRAN INFERS THAT THE DATA ARE POPULATION.
             
 (WARNING  79) SIGMA IS USED ON THE RIGHT. WITH A SUBSEQUENT RUN, IF AN
 INITIAL ESTIMATE OF A DIAGONAL BLOCK OF SIGMA IS TO BE COMPUTED BY
 NONMEM, THAT BLOCK WILL BE SET TO AN IDENTITY MATRIX DURING THAT
 COMPUTATION. THIS COULD LEAD TO AN ARITHMETIC EXCEPTION.*

 * THE MAXIMUM NUMBER OF WARNINGS OF ONE OR MORE TYPES WAS REACHED.
 IT IS POSSIBLE THAT SOME WARNING MESSAGES WERE SUPPRESSED.

 LIM VALUES MAXLIM ASSESSED BY NMTRAN: 1,2,3,4,5,6,7,8,10,11,13,15,16        
  
Note: Analytical 2nd Derivatives are constructed in FSUBS but are never used.
      You may insert $ABBR DERIV2=NO after the first $PROB to save FSUBS construction and compilation time
  

License Registered to: A2-Ai LLC
Expiration Date:    14 FEB 2025
Current Date:       26 AUG 2024
Days until program expires : 173
1NONLINEAR MIXED EFFECTS MODEL PROGRAM (NONMEM) VERSION 7.5.1
 ORIGINALLY DEVELOPED BY STUART BEAL, LEWIS SHEINER, AND ALISON BOECKMANN
 CURRENT DEVELOPERS ARE ROBERT BAUER, ICON DEVELOPMENT SOLUTIONS,
 AND ALISON BOECKMANN. IMPLEMENTATION, EFFICIENCY, AND STANDARDIZATION
 PERFORMED BY NOUS INFOSYSTEMS.

 PROBLEM NO.:         1
 NM TRIANING BASE MODEL
0DATA CHECKOUT RUN:              NO
 DATA SET LOCATED ON UNIT NO.:    2
 THIS UNIT TO BE REWOUND:        NO
 NO. OF DATA RECS IN DATA SET:     2200
 NO. OF DATA ITEMS IN DATA SET:  19
 ID DATA ITEM IS DATA ITEM NO.:   3
 DEP VARIABLE IS DATA ITEM NO.:   7
 MDV DATA ITEM IS DATA ITEM NO.:  9
0INDICES PASSED TO SUBROUTINE PRED:
   8   4   5   6   0   0  10   0   0   0   0
0LABELS FOR DATA ITEMS:
 C LINE ID TIME AMT RATE DV EVID MDV CMT LLOQ BLQ DOSEN COHORT BWT BAGE BALB SEXF RACEN
0(NONBLANK) LABELS FOR PRED-DEFINED ITEMS:
 IPRED IWRES
0FORMAT FOR DATA:
 (4(4E19.0/),3E19.0)

 TOT. NO. OF OBS RECS:     1750
 TOT. NO. OF INDIVIDUALS:       50
0LENGTH OF THETA:   2
0DEFAULT THETA BOUNDARY TEST OMITTED:    NO
0OMEGA HAS SIMPLE DIAGONAL FORM WITH DIMENSION:   2
0DEFAULT OMEGA BOUNDARY TEST OMITTED:    NO
0SIGMA HAS SIMPLE DIAGONAL FORM WITH DIMENSION:   2
0DEFAULT SIGMA BOUNDARY TEST OMITTED:    NO
0INITIAL ESTIMATE OF THETA:
 LOWER BOUND    INITIAL EST    UPPER BOUND
  0.0000E+00     0.5000E+00     0.1000E+07
  0.0000E+00     0.2000E+02     0.1000E+07
0INITIAL ESTIMATE OF OMEGA:
 0.9000E-01
 0.0000E+00   0.2025E+00
0INITIAL ESTIMATE OF SIGMA:
 0.5000E-01
 0.0000E+00   0.5000E-01
0COVARIANCE STEP OMITTED:        NO
 R MATRIX SUBSTITUTED:           NO
 S MATRIX SUBSTITUTED:          YES
 EIGENVLS. PRINTED:             YES
 SPECIAL COMPUTATION:            NO
 COMPRESSED FORMAT:              NO
 GRADIENT METHOD USED:     NOSLOW
 SIGDIGITS ETAHAT (SIGLO):                  -1
 SIGDIGITS GRADIENTS (SIGL):                -1
 EXCLUDE COV FOR FOCE (NOFCOV):              NO
 Cholesky Transposition of R Matrix (CHOLROFF):0
 KNUTHSUMOFF:                                -1
 RESUME COV ANALYSIS (RESUME):               NO
 SIR SAMPLE SIZE (SIRSAMPLE):
 NON-LINEARLY TRANSFORM THETAS DURING COV (THBND): 1
 PRECONDTIONING CYCLES (PRECOND):        0
 PRECONDTIONING TYPES (PRECONDS):        TOS
 FORCED PRECONDTIONING CYCLES (PFCOND):0
 PRECONDTIONING TYPE (PRETYPE):        0
 FORCED POS. DEFINITE SETTING DURING PRECONDITIONING: (FPOSDEF):0
 SIMPLE POS. DEFINITE SETTING: (POSDEF):-1
0TABLES STEP OMITTED:    NO
 NO. OF TABLES:           2
 SEED NUMBER (SEED):    11456
 NPDTYPE:    0
 INTERPTYPE:    0
 RANMETHOD:             3U
 MC SAMPLES (ESAMPLE):    300
 WRES SQUARE ROOT TYPE (WRESCHOL): EIGENVALUE
0-- TABLE   1 --
0RECORDS ONLY:    ALL
04 COLUMNS APPENDED:    NO
 PRINTED:                NO
 HEADERS:               ONE
 FILE TO BE FORWARDED:   NO
 FORMAT:                S1PE11.4
 IDFORMAT:
 LFORMAT:
 RFORMAT:
 FIXED_EFFECT_ETAS:
0USER-CHOSEN ITEMS:
 LINE ID TIME EVID DV PRED IPRED WRES CWRES IWRES
0-- TABLE   2 --
0RECORDS ONLY:    FIRSTONLY
04 COLUMNS APPENDED:    NO
 PRINTED:                NO
 HEADERS:               ONE, COLUMN LABELS, NO TITLE
 FILE TO BE FORWARDED:   NO
 FORMAT:                S1PE11.4
 IDFORMAT:
 LFORMAT:
 RFORMAT:
 FIXED_EFFECT_ETAS:
0USER-CHOSEN ITEMS:
 ID ETA1 ETA2
1DOUBLE PRECISION PREDPP VERSION 7.5.1

 GENERAL NONLINEAR KINETICS MODEL (DVERK1, ADVAN6)
0MODEL SUBROUTINE USER-SUPPLIED - ID NO. 9999
0MAXIMUM NO. OF BASIC PK PARAMETERS:   1
0COMPARTMENT ATTRIBUTES
 COMPT. NO.   FUNCTION   INITIAL    ON/OFF      DOSE      DEFAULT    DEFAULT
                         STATUS     ALLOWED    ALLOWED    FOR DOSE   FOR OBS.
    1         CENTRAL      ON         YES        YES        YES        YES
    2         OUTPUT       OFF        YES        NO         NO         NO
 INITIAL (BASE) TOLERANCE SETTINGS:
 NRD (RELATIVE) VALUE OF TOLERANCE:   6
 ANRD (ABSOLUTE) VALUE OF TOLERANCE:  12
1
 ADDITIONAL PK PARAMETERS - ASSIGNMENT OF ROWS IN GG
 COMPT. NO.                             INDICES
              SCALE      BIOAVAIL.   ZERO-ORDER  ZERO-ORDER  ABSORB
                         FRACTION    RATE        DURATION    LAG
    1            2           *           *           *           *
    2            *           -           -           -           -
             - PARAMETER IS NOT ALLOWED FOR THIS MODEL
             * PARAMETER IS NOT SUPPLIED BY PK SUBROUTINE;
               WILL DEFAULT TO ONE IF APPLICABLE
0DATA ITEM INDICES USED BY PRED ARE:
   EVENT ID DATA ITEM IS DATA ITEM NO.:      8
   TIME DATA ITEM IS DATA ITEM NO.:          4
   DOSE AMOUNT DATA ITEM IS DATA ITEM NO.:   5
   DOSE RATE DATA ITEM IS DATA ITEM NO.:     6
   COMPT. NO. DATA ITEM IS DATA ITEM NO.:   10

0PK SUBROUTINE CALLED WITH EVERY EVENT RECORD.
 PK SUBROUTINE NOT CALLED AT NONEVENT (ADDITIONAL OR LAGGED) DOSE TIMES.
0DURING SIMULATION, ERROR SUBROUTINE CALLED WITH EVERY EVENT RECORD.
 OTHERWISE, ERROR SUBROUTINE CALLED ONLY WITH OBSERVATION EVENTS.
0DES SUBROUTINE USES COMPACT STORAGE MODE.
1


 #TBLN:      1
 #METH: First Order Conditional Estimation

 ESTIMATION STEP OMITTED:                 NO
 ANALYSIS TYPE:                           POPULATION
 NUMBER OF SADDLE POINT RESET ITERATIONS:      0
 GRADIENT METHOD USED:               NOSLOW
 CONDITIONAL ESTIMATES USED:              YES
 CENTERED ETA:                            NO
 EPS-ETA INTERACTION:                     NO
 LAPLACIAN OBJ. FUNC.:                    NO
 NO. OF FUNCT. EVALS. ALLOWED:            9999
 NO. OF SIG. FIGURES REQUIRED:            3
 INTERMEDIATE PRINTOUT:                   YES
 ESTIMATE OUTPUT TO MSF:                  NO
 ABORT WITH PRED EXIT CODE 1:             NO
 IND. OBJ. FUNC. VALUES SORTED:           NO
 NUMERICAL DERIVATIVE
       FILE REQUEST (NUMDER):               NONE
 MAP (ETAHAT) ESTIMATION METHOD (OPTMAP):   0
 ETA HESSIAN EVALUATION METHOD (ETADER):    0
 INITIAL ETA FOR MAP ESTIMATION (MCETA):    0
 SIGDIGITS FOR MAP ESTIMATION (SIGLO):      100
 GRADIENT SIGDIGITS OF
       FIXED EFFECTS PARAMETERS (SIGL):     100
 NOPRIOR SETTING (NOPRIOR):                 0
 NOCOV SETTING (NOCOV):                     OFF
 DERCONT SETTING (DERCONT):                 OFF
 FINAL ETA RE-EVALUATION (FNLETA):          1
 EXCLUDE NON-INFLUENTIAL (NON-INFL.) ETAS
       IN SHRINKAGE (ETASTYPE):             NO
 NON-INFL. ETA CORRECTION (NONINFETA):      0
 RAW OUTPUT FILE (FILE): 1001.ext
 EXCLUDE TITLE (NOTITLE):                   NO
 EXCLUDE COLUMN LABELS (NOLABEL):           NO
 FORMAT FOR ADDITIONAL FILES (FORMAT):      S1PE12.5
 PARAMETER ORDER FOR OUTPUTS (ORDER):       TSOL
 KNUTHSUMOFF:                               0
 INCLUDE LNTWOPI:                           NO
 INCLUDE CONSTANT TERM TO PRIOR (PRIORC):   NO
 INCLUDE CONSTANT TERM TO OMEGA (ETA) (OLNTWOPI):NO
 ADDITIONAL CONVERGENCE TEST (CTYPE=4)?:    NO
 EM OR BAYESIAN METHOD USED:                 NONE

 TOLERANCES FOR ESTIMATION/EVALUATION STEP:
 NRD (RELATIVE) VALUE OF TOLERANCE:   6
 ANRD (ABSOLUTE) VALUE OF TOLERANCE:  12
 TOLERANCES FOR COVARIANCE STEP:
 NRD (RELATIVE) VALUE OF TOLERANCE:   6
 ANRD (ABSOLUTE) VALUE OF TOLERANCE:  12
 TOLERANCES FOR TABLE/SCATTER STEP:
 NRD (RELATIVE) VALUE OF TOLERANCE:   6
 ANRD (ABSOLUTE) VALUE OF TOLERANCE:  12

 THE FOLLOWING LABELS ARE EQUIVALENT
 PRED=NPRED
 RES=NRES
 WRES=NWRES
 IWRS=NIWRES
 IPRD=NIPRED
 IRS=NIRES

 MONITORING OF SEARCH:


0ITERATION NO.:    0    OBJECTIVE VALUE:   83343.4947968269        NO. OF FUNC. EVALS.:   6
 CUMULATIVE NO. OF FUNC. EVALS.:        6
 NPARAMETR:  5.0000E-01  2.0000E+01  9.0000E-02  2.0250E-01  5.0000E-02  5.0000E-02
 PARAMETER:  1.0000E-01  1.0000E-01  1.0000E-01  1.0000E-01  1.0000E-01  1.0000E-01
 GRADIENT:   2.2903E+04  1.2506E+05  6.8920E-01 -1.9738E+03 -1.4673E+05 -1.7806E+03

0ITERATION NO.:    5    OBJECTIVE VALUE:   15864.5379775989        NO. OF FUNC. EVALS.:  35
 CUMULATIVE NO. OF FUNC. EVALS.:       41
 NPARAMETR:  3.2936E-01  6.2783E+00  7.2199E-02  2.4000E-01  9.7624E-02  4.4637E-02
 PARAMETER: -3.1744E-01 -1.0586E+00 -1.0193E-02  1.8496E-01  4.3455E-01  4.3273E-02
 GRADIENT:   1.5741E+03  6.3496E+03 -5.4372E+01 -2.3429E+02 -7.8360E+03 -6.0650E+00

0ITERATION NO.:   10    OBJECTIVE VALUE:   13213.6954014659        NO. OF FUNC. EVALS.:  43
 CUMULATIVE NO. OF FUNC. EVALS.:       84
 NPARAMETR:  3.5453E-01  2.7255E+00  6.5423E-02  8.7328E-02  1.6796E-01  5.0000E-06
 PARAMETER: -2.4382E-01 -1.8931E+00 -5.9470E-02 -3.2054E-01  7.0586E-01 -3.8092E+01
 GRADIENT:  -2.4205E+02  4.1978E+01 -1.3847E+01  3.5105E+01  5.1556E+01  0.0000E+00

0ITERATION NO.:   15    OBJECTIVE VALUE:   13201.4289071751        NO. OF FUNC. EVALS.:  37
 CUMULATIVE NO. OF FUNC. EVALS.:      121
 NPARAMETR:  3.8161E-01  2.8254E+00  6.3979E-02  5.1744E-02  1.8768E-01  5.0000E-06
 PARAMETER: -1.7021E-01 -1.8571E+00 -7.0630E-02 -5.8222E-01  7.6136E-01 -3.8099E+01
 GRADIENT:   3.9092E+01  9.4844E+00 -2.5709E-01  2.4617E+00 -3.8656E+01  0.0000E+00

0ITERATION NO.:   20    OBJECTIVE VALUE:   13201.2710896186        NO. OF FUNC. EVALS.:  48
 CUMULATIVE NO. OF FUNC. EVALS.:      169
 NPARAMETR:  3.8162E-01  2.8264E+00  6.4017E-02  4.9583E-02  1.9017E-01  5.0000E-06
 PARAMETER: -1.7018E-01 -1.8567E+00 -7.0327E-02 -6.0354E-01  7.6795E-01 -3.8155E+01
 GRADIENT:  -2.7318E+00 -2.4401E+00  9.0187E-03 -3.0811E-02  1.3271E+00  0.0000E+00

0ITERATION NO.:   22    OBJECTIVE VALUE:   13201.2679787196        NO. OF FUNC. EVALS.:  20
 CUMULATIVE NO. OF FUNC. EVALS.:      189
 NPARAMETR:  3.8219E-01  2.8308E+00  6.3901E-02  4.9800E-02  1.9066E-01  5.0000E-06
 PARAMETER: -1.6869E-01 -1.8552E+00 -7.1240E-02 -6.0137E-01  7.6925E-01 -3.8157E+01
 GRADIENT:  -1.3819E-01  6.8688E-02 -1.3066E-03 -5.0964E-03  5.1185E-02  0.0000E+00

 #TERM:
0MINIMIZATION SUCCESSFUL
 NO. OF FUNCTION EVALUATIONS USED:      189
 NO. OF SIG. DIGITS IN FINAL EST.:  4.0
0PARAMETER ESTIMATE IS NEAR ITS BOUNDARY
 THIS MUST BE ADDRESSED BEFORE THE COVARIANCE STEP CAN BE IMPLEMENTED

 ETABAR IS THE ARITHMETIC MEAN OF THE ETA-ESTIMATES,
 AND THE P-VALUE IS GIVEN FOR THE NULL HYPOTHESIS THAT THE TRUE MEAN IS 0.

 ETABAR:         4.2195E-02 -4.9228E-02
 SE:             3.2980E-02  2.6933E-02
 N:                      50          50

 P VAL.:         2.0075E-01  6.7582E-02

 ETASHRINKSD(%)  7.7459E+00  1.4659E+01
 ETASHRINKVR(%)  1.4892E+01  2.7169E+01
 EBVSHRINKSD(%)  4.7496E+00  1.2294E+01
 EBVSHRINKVR(%)  9.2736E+00  2.3077E+01
 RELATIVEINF(%)  9.0459E+01  7.6696E+01
 EPSSHRINKSD(%)  2.3949E+00  2.3949E+00
 EPSSHRINKVR(%)  4.7325E+00  4.7325E+00

  
 TOTAL DATA POINTS NORMALLY DISTRIBUTED (N):         1750
 N*LOG(2PI) CONSTANT TO OBJECTIVE FUNCTION:    3216.2848662163542     
 OBJECTIVE FUNCTION VALUE WITHOUT CONSTANT:    13201.267978719558     
 OBJECTIVE FUNCTION VALUE WITH CONSTANT:       16417.552844935912     
 REPORTED OBJECTIVE FUNCTION DOES NOT CONTAIN CONSTANT
  
 TOTAL EFFECTIVE ETAS (NIND*NETA):                           100
  
 #TERE:
 Elapsed estimation  time in seconds:     4.04
 Elapsed postprocess time in seconds:     0.06
1
 
 
 
 
 
 
 
 
 
 
 
 
 
 
 
 
 
 
 
 
 ************************************************************************************************************************
 ********************                                                                                ********************
 ********************                        FIRST ORDER CONDITIONAL ESTIMATION                      ********************
 #OBJT:**************                       MINIMUM VALUE OF OBJECTIVE FUNCTION                      ********************
 ********************                                                                                ********************
 ************************************************************************************************************************
 





 #OBJV:********************************************    13201.268       **************************************************
1
 ************************************************************************************************************************
 ********************                                                                                ********************
 ********************                        FIRST ORDER CONDITIONAL ESTIMATION                      ********************
 ********************                             FINAL PARAMETER ESTIMATE                           ********************
 ********************                                                                                ********************
 ************************************************************************************************************************
 


 THETA - VECTOR OF FIXED EFFECTS PARAMETERS   *********


         TH 1      TH 2     
 
         3.82E-01  2.83E+00
 


 OMEGA - COV MATRIX FOR RANDOM EFFECTS - ETAS  ********


         ETA1      ETA2     
 
 ETA1
+        6.39E-02
 
 ETA2
+        0.00E+00  4.98E-02
 


 SIGMA - COV MATRIX FOR RANDOM EFFECTS - EPSILONS  ****


         EPS1      EPS2     
 
 EPS1
+        1.91E-01
 
 EPS2
+        0.00E+00  5.00E-06
 
1


 OMEGA - CORR MATRIX FOR RANDOM EFFECTS - ETAS  *******


         ETA1      ETA2     
 
 ETA1
+        2.53E-01
 
 ETA2
+        0.00E+00  2.23E-01
 


 SIGMA - CORR MATRIX FOR RANDOM EFFECTS - EPSILONS  ***


         EPS1      EPS2     
 
 EPS1
+        4.37E-01
 
 EPS2
+        0.00E+00  2.24E-03
 
 Elapsed finaloutput time in seconds:     0.07
 #CPUT: Total CPU Time in Seconds,        4.344
Stop Time:
Mon Aug 26 03:57:44 PM UTC 2024
